
> school-system@0.0.0 build
> tsc -b && vite build

src/pages/Teachers.tsx(17,9): error TS6133: 'updateTeacher' is declared but its value is never read.
