src/pages/Timetable.tsx(5,26): error TS6142: Module '../context/StoreContext' was resolved to 'D:/SCHOOL SYSTEM/src/context/StoreContext.tsx', but '--jsx' is not set.
src/pages/Timetable.tsx(298,23): error TS2362: The left-hand side of an arithmetic operation must be of type 'any', 'number', 'bigint' or an enum type.
src/pages/Timetable.tsx(658,13): error TS17004: Cannot use JSX unless the '--jsx' flag is provided.
src/pages/Timetable.tsx(659,17): error TS17004: Cannot use JSX unless the '--jsx' flag is provided.
src/pages/Timetable.tsx(665,21): error TS17004: Cannot use JSX unless the '--jsx' flag is provided.
src/pages/Timetable.tsx(666,25): error TS17004: Cannot use JSX unless the '--jsx' flag is provided.
src/pages/Timetable.tsx(667,29): error TS17004: Cannot use JSX unless the '--jsx' flag is provided.
src/pages/Timetable.tsx(669,25): error TS17004: Cannot use JSX unless the '--jsx' flag is provided.
src/pages/Timetable.tsx(670,29): error TS17004: Cannot use JSX unless the '--jsx' flag is provided.
src/pages/Timetable.tsx(671,29): error TS17004: Cannot use JSX unless the '--jsx' flag is provided.
src/pages/Timetable.tsx(674,21): error TS17004: Cannot use JSX unless the '--jsx' flag is provided.
src/pages/Timetable.tsx(675,25): error TS17004: Cannot use JSX unless the '--jsx' flag is provided.
src/pages/Timetable.tsx(682,43): error TS17004: Cannot use JSX unless the '--jsx' flag is provided.
src/pages/Timetable.tsx(682,83): error TS17004: Cannot use JSX unless the '--jsx' flag is provided.
src/pages/Timetable.tsx(686,29): error TS17004: Cannot use JSX unless the '--jsx' flag is provided.
src/pages/Timetable.tsx(705,33): error TS17004: Cannot use JSX unless the '--jsx' flag is provided.
src/pages/Timetable.tsx(711,17): error TS17004: Cannot use JSX unless the '--jsx' flag is provided.
src/pages/Timetable.tsx(712,21): error TS17004: Cannot use JSX unless the '--jsx' flag is provided.
src/pages/Timetable.tsx(713,25): error TS17004: Cannot use JSX unless the '--jsx' flag is provided.
src/pages/Timetable.tsx(714,29): error TS17004: Cannot use JSX unless the '--jsx' flag is provided.
src/pages/Timetable.tsx(715,33): error TS17004: Cannot use JSX unless the '--jsx' flag is provided.
src/pages/Timetable.tsx(716,37): error TS17004: Cannot use JSX unless the '--jsx' flag is provided.
src/pages/Timetable.tsx(718,41): error TS17004: Cannot use JSX unless the '--jsx' flag is provided.
src/pages/Timetable.tsx(719,45): error TS17004: Cannot use JSX unless the '--jsx' flag is provided.
src/pages/Timetable.tsx(720,49): error TS17004: Cannot use JSX unless the '--jsx' flag is provided.
src/pages/Timetable.tsx(721,49): error TS17004: Cannot use JSX unless the '--jsx' flag is provided.
src/pages/Timetable.tsx(722,49): error TS17004: Cannot use JSX unless the '--jsx' flag is provided.
src/pages/Timetable.tsx(727,53): error TS17004: Cannot use JSX unless the '--jsx' flag is provided.
src/pages/Timetable.tsx(734,29): error TS17004: Cannot use JSX unless the '--jsx' flag is provided.
src/pages/Timetable.tsx(738,41): error TS17004: Cannot use JSX unless the '--jsx' flag is provided.
src/pages/Timetable.tsx(739,45): error TS17004: Cannot use JSX unless the '--jsx' flag is provided.
src/pages/Timetable.tsx(786,53): error TS17004: Cannot use JSX unless the '--jsx' flag is provided.
src/pages/Timetable.tsx(804,57): error TS17004: Cannot use JSX unless the '--jsx' flag is provided.
src/pages/Timetable.tsx(805,61): error TS17004: Cannot use JSX unless the '--jsx' flag is provided.
src/pages/Timetable.tsx(806,65): error TS17004: Cannot use JSX unless the '--jsx' flag is provided.
src/pages/Timetable.tsx(817,69): error TS17004: Cannot use JSX unless the '--jsx' flag is provided.
src/pages/Timetable.tsx(818,73): error TS17004: Cannot use JSX unless the '--jsx' flag is provided.
src/pages/Timetable.tsx(827,77): error TS17004: Cannot use JSX unless the '--jsx' flag is provided.
src/pages/Timetable.tsx(830,77): error TS17004: Cannot use JSX unless the '--jsx' flag is provided.
src/pages/Timetable.tsx(836,65): error TS17004: Cannot use JSX unless the '--jsx' flag is provided.
src/pages/Timetable.tsx(837,69): error TS17004: Cannot use JSX unless the '--jsx' flag is provided.
src/pages/Timetable.tsx(838,69): error TS17004: Cannot use JSX unless the '--jsx' flag is provided.
src/pages/Timetable.tsx(843,65): error TS17004: Cannot use JSX unless the '--jsx' flag is provided.
src/pages/Timetable.tsx(844,69): error TS17004: Cannot use JSX unless the '--jsx' flag is provided.
src/pages/Timetable.tsx(845,73): error TS17004: Cannot use JSX unless the '--jsx' flag is provided.
src/pages/Timetable.tsx(867,9): error TS17004: Cannot use JSX unless the '--jsx' flag is provided.
src/pages/Timetable.tsx(868,13): error TS17004: Cannot use JSX unless the '--jsx' flag is provided.
src/pages/Timetable.tsx(869,17): error TS17004: Cannot use JSX unless the '--jsx' flag is provided.
src/pages/Timetable.tsx(870,21): error TS17004: Cannot use JSX unless the '--jsx' flag is provided.
src/pages/Timetable.tsx(871,21): error TS17004: Cannot use JSX unless the '--jsx' flag is provided.
src/pages/Timetable.tsx(874,17): error TS17004: Cannot use JSX unless the '--jsx' flag is provided.
src/pages/Timetable.tsx(875,21): error TS17004: Cannot use JSX unless the '--jsx' flag is provided.
src/pages/Timetable.tsx(876,25): error TS17004: Cannot use JSX unless the '--jsx' flag is provided.
src/pages/Timetable.tsx(882,25): error TS17004: Cannot use JSX unless the '--jsx' flag is provided.
src/pages/Timetable.tsx(888,25): error TS17004: Cannot use JSX unless the '--jsx' flag is provided.
src/pages/Timetable.tsx(896,21): error TS17004: Cannot use JSX unless the '--jsx' flag is provided.
src/pages/Timetable.tsx(897,25): error TS17004: Cannot use JSX unless the '--jsx' flag is provided.
src/pages/Timetable.tsx(898,29): error TS17004: Cannot use JSX unless the '--jsx' flag is provided.
src/pages/Timetable.tsx(900,25): error TS17004: Cannot use JSX unless the '--jsx' flag is provided.
src/pages/Timetable.tsx(901,29): error TS17004: Cannot use JSX unless the '--jsx' flag is provided.
src/pages/Timetable.tsx(905,21): error TS17004: Cannot use JSX unless the '--jsx' flag is provided.
src/pages/Timetable.tsx(907,29): error TS17004: Cannot use JSX unless the '--jsx' flag is provided.
src/pages/Timetable.tsx(908,33): error TS17004: Cannot use JSX unless the '--jsx' flag is provided.
src/pages/Timetable.tsx(913,37): error TS17004: Cannot use JSX unless the '--jsx' flag is provided.
src/pages/Timetable.tsx(915,33): error TS17004: Cannot use JSX unless the '--jsx' flag is provided.
src/pages/Timetable.tsx(921,37): error TS17004: Cannot use JSX unless the '--jsx' flag is provided.
src/pages/Timetable.tsx(925,25): error TS17004: Cannot use JSX unless the '--jsx' flag is provided.
src/pages/Timetable.tsx(929,29): error TS17004: Cannot use JSX unless the '--jsx' flag is provided.
src/pages/Timetable.tsx(935,13): error TS17004: Cannot use JSX unless the '--jsx' flag is provided.
src/pages/Timetable.tsx(936,17): error TS17004: Cannot use JSX unless the '--jsx' flag is provided.
src/pages/Timetable.tsx(946,29): error TS17004: Cannot use JSX unless the '--jsx' flag is provided.
src/pages/Timetable.tsx(947,33): error TS17004: Cannot use JSX unless the '--jsx' flag is provided.
src/pages/Timetable.tsx(948,33): error TS17004: Cannot use JSX unless the '--jsx' flag is provided.
src/pages/Timetable.tsx(955,33): error TS17004: Cannot use JSX unless the '--jsx' flag is provided.
src/pages/Timetable.tsx(956,37): error TS17004: Cannot use JSX unless the '--jsx' flag is provided.
src/pages/Timetable.tsx(960,41): error TS17004: Cannot use JSX unless the '--jsx' flag is provided.
src/pages/Timetable.tsx(962,37): error TS17004: Cannot use JSX unless the '--jsx' flag is provided.
src/pages/Timetable.tsx(963,41): error TS17004: Cannot use JSX unless the '--jsx' flag is provided.
src/pages/Timetable.tsx(964,41): error TS17004: Cannot use JSX unless the '--jsx' flag is provided.
src/pages/Timetable.tsx(965,45): error TS17004: Cannot use JSX unless the '--jsx' flag is provided.
src/pages/Timetable.tsx(966,45): error TS17004: Cannot use JSX unless the '--jsx' flag is provided.
src/pages/Timetable.tsx(978,17): error TS17004: Cannot use JSX unless the '--jsx' flag is provided.
src/pages/Timetable.tsx(979,21): error TS17004: Cannot use JSX unless the '--jsx' flag is provided.
src/pages/Timetable.tsx(980,21): error TS17004: Cannot use JSX unless the '--jsx' flag is provided.
src/pages/Timetable.tsx(981,21): error TS17004: Cannot use JSX unless the '--jsx' flag is provided.
src/pages/Timetable.tsx(984,17): error TS17004: Cannot use JSX unless the '--jsx' flag is provided.
src/pages/Timetable.tsx(987,29): error TS17004: Cannot use JSX unless the '--jsx' flag is provided.
src/pages/Timetable.tsx(995,33): error TS17004: Cannot use JSX unless the '--jsx' flag is provided.
src/pages/Timetable.tsx(999,25): error TS17004: Cannot use JSX unless the '--jsx' flag is provided.
src/pages/Timetable.tsx(1000,29): error TS17004: Cannot use JSX unless the '--jsx' flag is provided.
src/pages/Timetable.tsx(1005,33): error TS17004: Cannot use JSX unless the '--jsx' flag is provided.
src/pages/Timetable.tsx(1010,45): error TS17004: Cannot use JSX unless the '--jsx' flag is provided.
src/pages/Timetable.tsx(1014,25): error TS17004: Cannot use JSX unless the '--jsx' flag is provided.
src/pages/Timetable.tsx(1015,29): error TS17004: Cannot use JSX unless the '--jsx' flag is provided.
src/pages/Timetable.tsx(1020,33): error TS17004: Cannot use JSX unless the '--jsx' flag is provided.
src/pages/Timetable.tsx(1021,52): error TS17004: Cannot use JSX unless the '--jsx' flag is provided.
src/pages/Timetable.tsx(1028,13): error TS17004: Cannot use JSX unless the '--jsx' flag is provided.
src/pages/Timetable.tsx(1030,21): error TS17004: Cannot use JSX unless the '--jsx' flag is provided.
src/pages/Timetable.tsx(1032,21): error TS17004: Cannot use JSX unless the '--jsx' flag is provided.
src/pages/Timetable.tsx(1034,29): error TS17004: Cannot use JSX unless the '--jsx' flag is provided.
src/pages/Timetable.tsx(1035,33): error TS17004: Cannot use JSX unless the '--jsx' flag is provided.
src/pages/Timetable.tsx(1043,45): error TS17004: Cannot use JSX unless the '--jsx' flag is provided.
src/pages/Timetable.tsx(1044,49): error TS17004: Cannot use JSX unless the '--jsx' flag is provided.
src/pages/Timetable.tsx(1045,53): error TS17004: Cannot use JSX unless the '--jsx' flag is provided.
src/pages/Timetable.tsx(1046,57): error TS17004: Cannot use JSX unless the '--jsx' flag is provided.
src/pages/Timetable.tsx(1047,57): error TS17004: Cannot use JSX unless the '--jsx' flag is provided.
src/pages/Timetable.tsx(1049,53): error TS17004: Cannot use JSX unless the '--jsx' flag is provided.
src/pages/Timetable.tsx(1050,57): error TS17004: Cannot use JSX unless the '--jsx' flag is provided.
src/pages/Timetable.tsx(1051,61): error TS17004: Cannot use JSX unless the '--jsx' flag is provided.
src/pages/Timetable.tsx(1052,61): error TS17004: Cannot use JSX unless the '--jsx' flag is provided.
src/pages/Timetable.tsx(1057,49): error TS17004: Cannot use JSX unless the '--jsx' flag is provided.
src/pages/Timetable.tsx(1064,61): error TS17004: Cannot use JSX unless the '--jsx' flag is provided.
src/pages/Timetable.tsx(1070,65): error TS17004: Cannot use JSX unless the '--jsx' flag is provided.
src/pages/Timetable.tsx(1071,69): error TS17004: Cannot use JSX unless the '--jsx' flag is provided.
src/pages/Timetable.tsx(1072,69): error TS17004: Cannot use JSX unless the '--jsx' flag is provided.
src/pages/Timetable.tsx(1074,65): error TS17004: Cannot use JSX unless the '--jsx' flag is provided.
src/pages/Timetable.tsx(1075,69): error TS17004: Cannot use JSX unless the '--jsx' flag is provided.
src/pages/Timetable.tsx(1076,73): error TS17004: Cannot use JSX unless the '--jsx' flag is provided.
src/pages/Timetable.tsx(1082,99): error TS17004: Cannot use JSX unless the '--jsx' flag is provided.
src/pages/Timetable.tsx(1085,73): error TS17004: Cannot use JSX unless the '--jsx' flag is provided.
src/pages/Timetable.tsx(1091,69): error TS17004: Cannot use JSX unless the '--jsx' flag is provided.
src/pages/Timetable.tsx(1092,73): error TS17004: Cannot use JSX unless the '--jsx' flag is provided.
src/pages/Timetable.tsx(1105,29): error TS17004: Cannot use JSX unless the '--jsx' flag is provided.
src/pages/Timetable.tsx(1106,33): error TS17004: Cannot use JSX unless the '--jsx' flag is provided.
src/pages/Timetable.tsx(1107,37): error TS17004: Cannot use JSX unless the '--jsx' flag is provided.
src/pages/Timetable.tsx(1109,33): error TS17004: Cannot use JSX unless the '--jsx' flag is provided.
src/pages/Timetable.tsx(1110,33): error TS17004: Cannot use JSX unless the '--jsx' flag is provided.
src/pages/Timetable.tsx(1115,21): error TS17004: Cannot use JSX unless the '--jsx' flag is provided.
src/pages/Timetable.tsx(1117,29): error TS17004: Cannot use JSX unless the '--jsx' flag is provided.
src/pages/Timetable.tsx(1118,33): error TS17004: Cannot use JSX unless the '--jsx' flag is provided.
src/pages/Timetable.tsx(1145,45): error TS17004: Cannot use JSX unless the '--jsx' flag is provided.
src/pages/Timetable.tsx(1146,49): error TS17004: Cannot use JSX unless the '--jsx' flag is provided.
src/pages/Timetable.tsx(1147,53): error TS17004: Cannot use JSX unless the '--jsx' flag is provided.
src/pages/Timetable.tsx(1148,57): error TS17004: Cannot use JSX unless the '--jsx' flag is provided.
src/pages/Timetable.tsx(1149,57): error TS17004: Cannot use JSX unless the '--jsx' flag is provided.
src/pages/Timetable.tsx(1151,53): error TS17004: Cannot use JSX unless the '--jsx' flag is provided.
src/pages/Timetable.tsx(1152,57): error TS17004: Cannot use JSX unless the '--jsx' flag is provided.
src/pages/Timetable.tsx(1156,49): error TS17004: Cannot use JSX unless the '--jsx' flag is provided.
src/pages/Timetable.tsx(1158,57): error TS17004: Cannot use JSX unless the '--jsx' flag is provided.
src/pages/Timetable.tsx(1159,61): error TS17004: Cannot use JSX unless the '--jsx' flag is provided.
src/pages/Timetable.tsx(1160,65): error TS17004: Cannot use JSX unless the '--jsx' flag is provided.
src/pages/Timetable.tsx(1161,65): error TS17004: Cannot use JSX unless the '--jsx' flag is provided.
src/pages/Timetable.tsx(1163,61): error TS17004: Cannot use JSX unless the '--jsx' flag is provided.
src/pages/Timetable.tsx(1164,65): error TS17004: Cannot use JSX unless the '--jsx' flag is provided.
src/pages/Timetable.tsx(1165,65): error TS17004: Cannot use JSX unless the '--jsx' flag is provided.
src/pages/Timetable.tsx(1167,61): error TS17004: Cannot use JSX unless the '--jsx' flag is provided.
src/pages/Timetable.tsx(1168,65): error TS17004: Cannot use JSX unless the '--jsx' flag is provided.
src/pages/Timetable.tsx(1172,57): error TS17004: Cannot use JSX unless the '--jsx' flag is provided.
src/pages/Timetable.tsx(1173,61): error TS17004: Cannot use JSX unless the '--jsx' flag is provided.
src/pages/Timetable.tsx(1174,61): error TS17004: Cannot use JSX unless the '--jsx' flag is provided.
src/pages/Timetable.tsx(1184,29): error TS17004: Cannot use JSX unless the '--jsx' flag is provided.
src/pages/Timetable.tsx(1185,33): error TS17004: Cannot use JSX unless the '--jsx' flag is provided.
src/pages/Timetable.tsx(1186,37): error TS17004: Cannot use JSX unless the '--jsx' flag is provided.
src/pages/Timetable.tsx(1188,33): error TS17004: Cannot use JSX unless the '--jsx' flag is provided.
src/pages/Timetable.tsx(1189,33): error TS17004: Cannot use JSX unless the '--jsx' flag is provided.
src/pages/Timetable.tsx(1196,13): error TS17004: Cannot use JSX unless the '--jsx' flag is provided.
